main.c:82:6:sendUSART	40	static
main.c:95:6:RN4020_resetDefaultStep	16	static
main.c:106:6:RN4020_resetToFactoryDefault	16	static
main.c:110:6:RN4020_setBaudRate115200	16	static
main.c:114:6:RN4020_setService	16	static
main.c:117:6:RN4020_clearPrivateSettings	16	static
main.c:120:6:RN4020_setPrivateService	16	static
main.c:123:6:RN4020_setPrivateChar	16	static
main.c:126:6:RN4020_setDeviceType	16	static
main.c:129:6:RN4020_reset	16	static
main.c:134:6:RN4020_sendData	32	static
main.c:155:5:main	8	static
main.c:221:6:SystemClock_Config	128	static
main.c:269:13:MX_USART1_Init	8	static
main.c:303:13:MX_USART2_Init	8	static
main.c:337:13:MX_GPIO_Init	48	static
main.c:365:6:Error_Handler	8	static,ignoring_inline_asm
