main.c:196:5:compStr	24	static
main.c:210:6:resetRxBuffer	24	static
main.c:226:5:RN4020_resetDefaultStep	24	static
main.c:269:19:RN4020_resetToFactoryDefault	16	static
main.c:274:19:RN4020_killConnection	16	static
main.c:279:19:RN4020_setBaudRate115200	16	static
main.c:285:19:RN4020_setService	16	static
main.c:290:19:RN4020_clearPrivateSettings	16	static
main.c:295:19:RN4020_setPrivateService	16	static
main.c:300:19:RN4020_setPrivateChar	16	static
main.c:305:19:RN4020_setDeviceType	16	static
main.c:310:19:RN4020_rebootDevice	16	static
main.c:316:19:RN4020_sendBatteryLife	16	static
main.c:325:19:RN4020_sendBatteryLife_Cadence	24	static
main.c:336:19:RN4020_waitForReadyState	16	static
main.c:358:6:RN4020_checkState	8	static
main.c:382:6:RN4020_setState	16	static
main.c:386:6:RN4020_sendData	16	static
main.c:400:6:babysitter_SendData	64	static
main.c:435:6:HAL_UART_RxCpltCallback	16	static
main.c:471:5:main	96	static
main.c:660:6:SystemClock_Config	128	static
main.c:707:13:MX_I2C1_Init	8	static
main.c:753:13:MX_TIM2_Init	32	static
main.c:798:13:MX_USART1_UART_Init	8	static
main.c:833:13:MX_GPIO_Init	48	static
main.c:866:6:HAL_TIM_PeriodElapsedCallback	16	static
main.c:880:6:Error_Handler	8	static,ignoring_inline_asm
