main.c:199:5:compStr	16	static
main.c:216:6:resetRxBuffer	24	static
main.c:232:5:RN4020_resetDefaultStep	24	static
main.c:279:19:RN4020_resetToFactoryDefault	16	static
main.c:284:19:RN4020_killConnection	16	static
main.c:289:19:RN4020_setBaudRate115200	16	static
main.c:295:19:RN4020_setService	16	static
main.c:300:19:RN4020_clearPrivateSettings	16	static
main.c:305:19:RN4020_setPrivateService	16	static
main.c:310:19:RN4020_setPrivateChar	16	static
main.c:315:19:RN4020_setDeviceType	16	static
main.c:320:19:RN4020_rebootDevice	16	static
main.c:326:19:RN4020_setNameDevice	16	static
main.c:333:19:RN4020_sendBatteryLife	16	static
main.c:342:19:RN4020_sendCadence	16	static
main.c:353:19:RN4020_waitForReadyState	16	static
main.c:375:19:RN4020_waitForReadyState2	16	static
main.c:397:6:RN4020_checkState	8	static
main.c:421:6:RN4020_setState	16	static
main.c:425:6:RN4020_sendData	16	static
main.c:439:6:babysitter_SendData	64	static
main.c:502:6:HAL_UART_RxCpltCallback	16	static
main.c:538:5:main	96	static
main.c:728:6:SystemClock_Config	128	static
main.c:774:13:MX_I2C2_Init	8	static
main.c:820:13:MX_TIM2_Init	32	static
main.c:865:13:MX_USART1_UART_Init	8	static
main.c:900:13:MX_GPIO_Init	48	static
main.c:933:6:HAL_TIM_PeriodElapsedCallback	16	static
main.c:947:6:Error_Handler	8	static,ignoring_inline_asm
