main.c:208:6:getBatteryLife	56	static
main.c:245:5:compStr	16	static
main.c:262:6:resetRxBuffer	24	static
main.c:278:5:RN4020_resetDefaultStep	24	static
main.c:325:19:RN4020_resetToFactoryDefault	16	static
main.c:330:19:RN4020_killConnection	16	static
main.c:335:19:RN4020_setBaudRate115200	16	static
main.c:341:19:RN4020_setService	16	static
main.c:346:19:RN4020_clearPrivateSettings	16	static
main.c:351:19:RN4020_setPrivateService	16	static
main.c:356:19:RN4020_setPrivateChar	16	static
main.c:361:19:RN4020_setDeviceType	16	static
main.c:366:19:RN4020_rebootDevice	16	static
main.c:372:19:RN4020_setNameDevice	16	static
main.c:379:19:RN4020_sendBatteryLife	16	static
main.c:388:19:RN4020_sendCadence	16	static
main.c:400:19:RN4020_waitForReadyState	16	static
main.c:422:19:RN4020_waitForReadyState2	16	static
main.c:444:6:RN4020_checkState	8	static
main.c:468:6:RN4020_setState	16	static
main.c:472:6:RN4020_sendData	16	static
main.c:486:6:babysitter_SendData	16	static
main.c:555:6:HAL_UART_RxCpltCallback	16	static
main.c:591:5:main	96	static
main.c:807:6:SystemClock_Config	128	static
main.c:854:13:MX_I2C1_Init	8	static
main.c:900:13:MX_I2C2_Init	8	static
main.c:946:13:MX_TIM2_Init	32	static
main.c:991:13:MX_USART1_UART_Init	8	static
main.c:1026:13:MX_GPIO_Init	48	static
main.c:1059:6:HAL_TIM_PeriodElapsedCallback	16	static
main.c:1077:6:Error_Handler	8	static,ignoring_inline_asm
