main.c:202:5:compStr	16	static
main.c:219:6:resetRxBuffer	24	static
main.c:235:5:RN4020_resetDefaultStep	24	static
main.c:282:19:RN4020_resetToFactoryDefault	16	static
main.c:287:19:RN4020_killConnection	16	static
main.c:292:19:RN4020_setBaudRate115200	16	static
main.c:298:19:RN4020_setService	16	static
main.c:303:19:RN4020_clearPrivateSettings	16	static
main.c:308:19:RN4020_setPrivateService	16	static
main.c:313:19:RN4020_setPrivateChar	16	static
main.c:318:19:RN4020_setDeviceType	16	static
main.c:323:19:RN4020_rebootDevice	16	static
main.c:329:19:RN4020_setNameDevice	16	static
main.c:336:19:RN4020_sendBatteryLife	16	static
main.c:345:19:RN4020_sendCadence	16	static
main.c:356:19:RN4020_waitForReadyState	16	static
main.c:378:19:RN4020_waitForReadyState2	16	static
main.c:400:6:RN4020_checkState	8	static
main.c:424:6:RN4020_setState	16	static
main.c:428:6:RN4020_sendData	16	static
main.c:442:6:babysitter_SendData	72	static
main.c:511:6:HAL_UART_RxCpltCallback	16	static
main.c:547:5:main	88	static
main.c:761:6:SystemClock_Config	128	static
main.c:808:13:MX_I2C1_Init	8	static
main.c:854:13:MX_I2C2_Init	8	static
main.c:900:13:MX_TIM2_Init	32	static
main.c:945:13:MX_USART1_UART_Init	8	static
main.c:980:13:MX_GPIO_Init	48	static
main.c:1013:6:HAL_TIM_PeriodElapsedCallback	16	static
main.c:1031:6:Error_Handler	8	static,ignoring_inline_asm
