23:16:09 **** Incremental Build of configuration Debug for project Ethan ****
make -j8 all 
arm-none-eabi-gcc "../Core/Src/main.c" -mcpu=cortex-m0plus -std=gnu11 -g3 -DDEBUG -DUSE_HAL_DRIVER -DSTM32L053xx -c -I../Core/Inc -I../Drivers/STM32L0xx_HAL_Driver/Inc -I../Drivers/STM32L0xx_HAL_Driver/Inc/Legacy -I../Drivers/CMSIS/Device/ST/STM32L0xx/Include -I../Drivers/CMSIS/Include -O0 -ffunction-sections -fdata-sections -Wall -fstack-usage -MMD -MP -MF"Core/Src/main.d" -MT"Core/Src/main.o" --specs=nano.specs -mfloat-abi=soft -mthumb -o "Core/Src/main.o"
In file included from ../Core/Src/main.c:19:
../Core/Inc/icm20602_iic.h:76:8: warning: "/*" within comment [-Wcomment]
   76 | #endif /* INC_ICM20602_IIC_H_ */
      |         
../Core/Src/main.c: In function 'main':
../Core/Src/main.c:142:36: warning: passing argument 2 of 'HAL_USART_Transmit' from incompatible pointer type [-Wincompatible-pointer-types]
  142 |       HAL_USART_Transmit(&husart1, &integer, 4, 100);
      |                                    ^~~~~~~~
      |                                    |
      |                                    char (*)[4]
In file included from ../Core/Inc/stm32l0xx_hal_conf.h:284,
                 from ../Drivers/STM32L0xx_HAL_Driver/Inc/stm32l0xx_hal.h:30,
                 from ../Core/Inc/main.h:31,
                 from ../Core/Src/main.c:29:
../Drivers/STM32L0xx_HAL_Driver/Inc/stm32l0xx_hal_usart.h:722:76: note: expected 'uint8_t *' {aka 'unsigned char *'} but argument is of type 'char (*)[4]'
  722 | HAL_StatusTypeDef HAL_USART_Transmit(USART_HandleTypeDef *husart, uint8_t *pTxData, uint16_t Size, uint32_t Timeout);
      |                                                                   ~~~~~~~~~^~~~~~~
../Core/Src/main.c:144:36: warning: passing argument 2 of 'HAL_USART_Transmit' from incompatible pointer type [-Wincompatible-pointer-types]
  144 |       HAL_USART_Transmit(&husart1, &decimal, 4, 100);
      |                                    ^~~~~~~~
      |                                    |
      |                                    char (*)[4]
In file included from ../Core/Inc/stm32l0xx_hal_conf.h:284,
                 from ../Drivers/STM32L0xx_HAL_Driver/Inc/stm32l0xx_hal.h:30,
                 from ../Core/Inc/main.h:31,
                 from ../Core/Src/main.c:29:
../Drivers/STM32L0xx_HAL_Driver/Inc/stm32l0xx_hal_usart.h:722:76: note: expected 'uint8_t *' {aka 'unsigned char *'} but argument is of type 'char (*)[4]'
  722 | HAL_StatusTypeDef HAL_USART_Transmit(USART_HandleTypeDef *husart, uint8_t *pTxData, uint16_t Size, uint32_t Timeout);
      |                                                                   ~~~~~~~~~^~~~~~~
arm-none-eabi-gcc -o "Ethan.elf" @"objects.list"   -mcpu=cortex-m0plus -T"C:\Users\glase\Purdue\ECE477\Rhythm\embedded\Ethan\STM32L053R8TX_FLASH.ld" --specs=nosys.specs -Wl,-Map="Ethan.map" -Wl,--gc-sections -static --specs=nano.specs -mfloat-abi=soft -mthumb -Wl,--start-group -lc -lm -Wl,--end-group
Finished building target: Ethan.elf
 
arm-none-eabi-objdump -h -S  Ethan.elf  > "Ethan.list"
arm-none-eabi-objcopy  -O binary  Ethan.elf  "Ethan.bin"
arm-none-eabi-size   Ethan.elf 
   text	   data	    bss	    dec	    hex	filename
  14956	    120	   1832	  16908	   420c	Ethan.elf
Finished building: default.size.stdout
 
Finished building: Ethan.bin
 
Finished building: Ethan.list
 

23:16:10 Build Finished. 0 errors, 3 warnings. (took 796ms)

