22:26:23 **** Clean-only build of configuration Debug for project Ethan ****
make -j8 clean 
rm -rf *
 
22:26:23 **** Build of configuration Debug for project Ethan ****
make -j8 all 
arm-none-eabi-gcc "../Drivers/STM32L0xx_HAL_Driver/Src/stm32l0xx_hal.c" -mcpu=cortex-m0plus -std=gnu11 -g3 -DDEBUG -DUSE_HAL_DRIVER -DSTM32L053xx -c -I../Core/Inc -I../Drivers/STM32L0xx_HAL_Driver/Inc -I../Drivers/STM32L0xx_HAL_Driver/Inc/Legacy -I../Drivers/CMSIS/Device/ST/STM32L0xx/Include -I../Drivers/CMSIS/Include -O0 -ffunction-sections -fdata-sections -Wall -fstack-usage -MMD -MP -MF"Drivers/STM32L0xx_HAL_Driver/Src/stm32l0xx_hal.d" -MT"Drivers/STM32L0xx_HAL_Driver/Src/stm32l0xx_hal.o" --specs=nano.specs -mfloat-abi=soft -mthumb -o "Drivers/STM32L0xx_HAL_Driver/Src/stm32l0xx_hal.o"
arm-none-eabi-gcc "../Drivers/STM32L0xx_HAL_Driver/Src/stm32l0xx_hal_cortex.c" -mcpu=cortex-m0plus -std=gnu11 -g3 -DDEBUG -DUSE_HAL_DRIVER -DSTM32L053xx -c -I../Core/Inc -I../Drivers/STM32L0xx_HAL_Driver/Inc -I../Drivers/STM32L0xx_HAL_Driver/Inc/Legacy -I../Drivers/CMSIS/Device/ST/STM32L0xx/Include -I../Drivers/CMSIS/Include -O0 -ffunction-sections -fdata-sections -Wall -fstack-usage -MMD -MP -MF"Drivers/STM32L0xx_HAL_Driver/Src/stm32l0xx_hal_cortex.d" -MT"Drivers/STM32L0xx_HAL_Driver/Src/stm32l0xx_hal_cortex.o" --specs=nano.specs -mfloat-abi=soft -mthumb -o "Drivers/STM32L0xx_HAL_Driver/Src/stm32l0xx_hal_cortex.o"
arm-none-eabi-gcc "../Drivers/STM32L0xx_HAL_Driver/Src/stm32l0xx_hal_dma.c" -mcpu=cortex-m0plus -std=gnu11 -g3 -DDEBUG -DUSE_HAL_DRIVER -DSTM32L053xx -c -I../Core/Inc -I../Drivers/STM32L0xx_HAL_Driver/Inc -I../Drivers/STM32L0xx_HAL_Driver/Inc/Legacy -I../Drivers/CMSIS/Device/ST/STM32L0xx/Include -I../Drivers/CMSIS/Include -O0 -ffunction-sections -fdata-sections -Wall -fstack-usage -MMD -MP -MF"Drivers/STM32L0xx_HAL_Driver/Src/stm32l0xx_hal_dma.d" -MT"Drivers/STM32L0xx_HAL_Driver/Src/stm32l0xx_hal_dma.o" --specs=nano.specs -mfloat-abi=soft -mthumb -o "Drivers/STM32L0xx_HAL_Driver/Src/stm32l0xx_hal_dma.o"
arm-none-eabi-gcc "../Drivers/STM32L0xx_HAL_Driver/Src/stm32l0xx_hal_exti.c" -mcpu=cortex-m0plus -std=gnu11 -g3 -DDEBUG -DUSE_HAL_DRIVER -DSTM32L053xx -c -I../Core/Inc -I../Drivers/STM32L0xx_HAL_Driver/Inc -I../Drivers/STM32L0xx_HAL_Driver/Inc/Legacy -I../Drivers/CMSIS/Device/ST/STM32L0xx/Include -I../Drivers/CMSIS/Include -O0 -ffunction-sections -fdata-sections -Wall -fstack-usage -MMD -MP -MF"Drivers/STM32L0xx_HAL_Driver/Src/stm32l0xx_hal_exti.d" -MT"Drivers/STM32L0xx_HAL_Driver/Src/stm32l0xx_hal_exti.o" --specs=nano.specs -mfloat-abi=soft -mthumb -o "Drivers/STM32L0xx_HAL_Driver/Src/stm32l0xx_hal_exti.o"
arm-none-eabi-gcc "../Drivers/STM32L0xx_HAL_Driver/Src/stm32l0xx_hal_flash.c" -mcpu=cortex-m0plus -std=gnu11 -g3 -DDEBUG -DUSE_HAL_DRIVER -DSTM32L053xx -c -I../Core/Inc -I../Drivers/STM32L0xx_HAL_Driver/Inc -I../Drivers/STM32L0xx_HAL_Driver/Inc/Legacy -I../Drivers/CMSIS/Device/ST/STM32L0xx/Include -I../Drivers/CMSIS/Include -O0 -ffunction-sections -fdata-sections -Wall -fstack-usage -MMD -MP -MF"Drivers/STM32L0xx_HAL_Driver/Src/stm32l0xx_hal_flash.d" -MT"Drivers/STM32L0xx_HAL_Driver/Src/stm32l0xx_hal_flash.o" --specs=nano.specs -mfloat-abi=soft -mthumb -o "Drivers/STM32L0xx_HAL_Driver/Src/stm32l0xx_hal_flash.o"
arm-none-eabi-gcc "../Drivers/STM32L0xx_HAL_Driver/Src/stm32l0xx_hal_flash_ex.c" -mcpu=cortex-m0plus -std=gnu11 -g3 -DDEBUG -DUSE_HAL_DRIVER -DSTM32L053xx -c -I../Core/Inc -I../Drivers/STM32L0xx_HAL_Driver/Inc -I../Drivers/STM32L0xx_HAL_Driver/Inc/Legacy -I../Drivers/CMSIS/Device/ST/STM32L0xx/Include -I../Drivers/CMSIS/Include -O0 -ffunction-sections -fdata-sections -Wall -fstack-usage -MMD -MP -MF"Drivers/STM32L0xx_HAL_Driver/Src/stm32l0xx_hal_flash_ex.d" -MT"Drivers/STM32L0xx_HAL_Driver/Src/stm32l0xx_hal_flash_ex.o" --specs=nano.specs -mfloat-abi=soft -mthumb -o "Drivers/STM32L0xx_HAL_Driver/Src/stm32l0xx_hal_flash_ex.o"
arm-none-eabi-gcc "../Drivers/STM32L0xx_HAL_Driver/Src/stm32l0xx_hal_flash_ramfunc.c" -mcpu=cortex-m0plus -std=gnu11 -g3 -DDEBUG -DUSE_HAL_DRIVER -DSTM32L053xx -c -I../Core/Inc -I../Drivers/STM32L0xx_HAL_Driver/Inc -I../Drivers/STM32L0xx_HAL_Driver/Inc/Legacy -I../Drivers/CMSIS/Device/ST/STM32L0xx/Include -I../Drivers/CMSIS/Include -O0 -ffunction-sections -fdata-sections -Wall -fstack-usage -MMD -MP -MF"Drivers/STM32L0xx_HAL_Driver/Src/stm32l0xx_hal_flash_ramfunc.d" -MT"Drivers/STM32L0xx_HAL_Driver/Src/stm32l0xx_hal_flash_ramfunc.o" --specs=nano.specs -mfloat-abi=soft -mthumb -o "Drivers/STM32L0xx_HAL_Driver/Src/stm32l0xx_hal_flash_ramfunc.o"
arm-none-eabi-gcc "../Drivers/STM32L0xx_HAL_Driver/Src/stm32l0xx_hal_gpio.c" -mcpu=cortex-m0plus -std=gnu11 -g3 -DDEBUG -DUSE_HAL_DRIVER -DSTM32L053xx -c -I../Core/Inc -I../Drivers/STM32L0xx_HAL_Driver/Inc -I../Drivers/STM32L0xx_HAL_Driver/Inc/Legacy -I../Drivers/CMSIS/Device/ST/STM32L0xx/Include -I../Drivers/CMSIS/Include -O0 -ffunction-sections -fdata-sections -Wall -fstack-usage -MMD -MP -MF"Drivers/STM32L0xx_HAL_Driver/Src/stm32l0xx_hal_gpio.d" -MT"Drivers/STM32L0xx_HAL_Driver/Src/stm32l0xx_hal_gpio.o" --specs=nano.specs -mfloat-abi=soft -mthumb -o "Drivers/STM32L0xx_HAL_Driver/Src/stm32l0xx_hal_gpio.o"
arm-none-eabi-gcc "../Drivers/STM32L0xx_HAL_Driver/Src/stm32l0xx_hal_i2c.c" -mcpu=cortex-m0plus -std=gnu11 -g3 -DDEBUG -DUSE_HAL_DRIVER -DSTM32L053xx -c -I../Core/Inc -I../Drivers/STM32L0xx_HAL_Driver/Inc -I../Drivers/STM32L0xx_HAL_Driver/Inc/Legacy -I../Drivers/CMSIS/Device/ST/STM32L0xx/Include -I../Drivers/CMSIS/Include -O0 -ffunction-sections -fdata-sections -Wall -fstack-usage -MMD -MP -MF"Drivers/STM32L0xx_HAL_Driver/Src/stm32l0xx_hal_i2c.d" -MT"Drivers/STM32L0xx_HAL_Driver/Src/stm32l0xx_hal_i2c.o" --specs=nano.specs -mfloat-abi=soft -mthumb -o "Drivers/STM32L0xx_HAL_Driver/Src/stm32l0xx_hal_i2c.o"
arm-none-eabi-gcc "../Drivers/STM32L0xx_HAL_Driver/Src/stm32l0xx_hal_i2c_ex.c" -mcpu=cortex-m0plus -std=gnu11 -g3 -DDEBUG -DUSE_HAL_DRIVER -DSTM32L053xx -c -I../Core/Inc -I../Drivers/STM32L0xx_HAL_Driver/Inc -I../Drivers/STM32L0xx_HAL_Driver/Inc/Legacy -I../Drivers/CMSIS/Device/ST/STM32L0xx/Include -I../Drivers/CMSIS/Include -O0 -ffunction-sections -fdata-sections -Wall -fstack-usage -MMD -MP -MF"Drivers/STM32L0xx_HAL_Driver/Src/stm32l0xx_hal_i2c_ex.d" -MT"Drivers/STM32L0xx_HAL_Driver/Src/stm32l0xx_hal_i2c_ex.o" --specs=nano.specs -mfloat-abi=soft -mthumb -o "Drivers/STM32L0xx_HAL_Driver/Src/stm32l0xx_hal_i2c_ex.o"
arm-none-eabi-gcc "../Drivers/STM32L0xx_HAL_Driver/Src/stm32l0xx_hal_pwr.c" -mcpu=cortex-m0plus -std=gnu11 -g3 -DDEBUG -DUSE_HAL_DRIVER -DSTM32L053xx -c -I../Core/Inc -I../Drivers/STM32L0xx_HAL_Driver/Inc -I../Drivers/STM32L0xx_HAL_Driver/Inc/Legacy -I../Drivers/CMSIS/Device/ST/STM32L0xx/Include -I../Drivers/CMSIS/Include -O0 -ffunction-sections -fdata-sections -Wall -fstack-usage -MMD -MP -MF"Drivers/STM32L0xx_HAL_Driver/Src/stm32l0xx_hal_pwr.d" -MT"Drivers/STM32L0xx_HAL_Driver/Src/stm32l0xx_hal_pwr.o" --specs=nano.specs -mfloat-abi=soft -mthumb -o "Drivers/STM32L0xx_HAL_Driver/Src/stm32l0xx_hal_pwr.o"
arm-none-eabi-gcc "../Drivers/STM32L0xx_HAL_Driver/Src/stm32l0xx_hal_pwr_ex.c" -mcpu=cortex-m0plus -std=gnu11 -g3 -DDEBUG -DUSE_HAL_DRIVER -DSTM32L053xx -c -I../Core/Inc -I../Drivers/STM32L0xx_HAL_Driver/Inc -I../Drivers/STM32L0xx_HAL_Driver/Inc/Legacy -I../Drivers/CMSIS/Device/ST/STM32L0xx/Include -I../Drivers/CMSIS/Include -O0 -ffunction-sections -fdata-sections -Wall -fstack-usage -MMD -MP -MF"Drivers/STM32L0xx_HAL_Driver/Src/stm32l0xx_hal_pwr_ex.d" -MT"Drivers/STM32L0xx_HAL_Driver/Src/stm32l0xx_hal_pwr_ex.o" --specs=nano.specs -mfloat-abi=soft -mthumb -o "Drivers/STM32L0xx_HAL_Driver/Src/stm32l0xx_hal_pwr_ex.o"
arm-none-eabi-gcc "../Drivers/STM32L0xx_HAL_Driver/Src/stm32l0xx_hal_rcc.c" -mcpu=cortex-m0plus -std=gnu11 -g3 -DDEBUG -DUSE_HAL_DRIVER -DSTM32L053xx -c -I../Core/Inc -I../Drivers/STM32L0xx_HAL_Driver/Inc -I../Drivers/STM32L0xx_HAL_Driver/Inc/Legacy -I../Drivers/CMSIS/Device/ST/STM32L0xx/Include -I../Drivers/CMSIS/Include -O0 -ffunction-sections -fdata-sections -Wall -fstack-usage -MMD -MP -MF"Drivers/STM32L0xx_HAL_Driver/Src/stm32l0xx_hal_rcc.d" -MT"Drivers/STM32L0xx_HAL_Driver/Src/stm32l0xx_hal_rcc.o" --specs=nano.specs -mfloat-abi=soft -mthumb -o "Drivers/STM32L0xx_HAL_Driver/Src/stm32l0xx_hal_rcc.o"
arm-none-eabi-gcc "../Drivers/STM32L0xx_HAL_Driver/Src/stm32l0xx_hal_rcc_ex.c" -mcpu=cortex-m0plus -std=gnu11 -g3 -DDEBUG -DUSE_HAL_DRIVER -DSTM32L053xx -c -I../Core/Inc -I../Drivers/STM32L0xx_HAL_Driver/Inc -I../Drivers/STM32L0xx_HAL_Driver/Inc/Legacy -I../Drivers/CMSIS/Device/ST/STM32L0xx/Include -I../Drivers/CMSIS/Include -O0 -ffunction-sections -fdata-sections -Wall -fstack-usage -MMD -MP -MF"Drivers/STM32L0xx_HAL_Driver/Src/stm32l0xx_hal_rcc_ex.d" -MT"Drivers/STM32L0xx_HAL_Driver/Src/stm32l0xx_hal_rcc_ex.o" --specs=nano.specs -mfloat-abi=soft -mthumb -o "Drivers/STM32L0xx_HAL_Driver/Src/stm32l0xx_hal_rcc_ex.o"
arm-none-eabi-gcc "../Drivers/STM32L0xx_HAL_Driver/Src/stm32l0xx_hal_tim.c" -mcpu=cortex-m0plus -std=gnu11 -g3 -DDEBUG -DUSE_HAL_DRIVER -DSTM32L053xx -c -I../Core/Inc -I../Drivers/STM32L0xx_HAL_Driver/Inc -I../Drivers/STM32L0xx_HAL_Driver/Inc/Legacy -I../Drivers/CMSIS/Device/ST/STM32L0xx/Include -I../Drivers/CMSIS/Include -O0 -ffunction-sections -fdata-sections -Wall -fstack-usage -MMD -MP -MF"Drivers/STM32L0xx_HAL_Driver/Src/stm32l0xx_hal_tim.d" -MT"Drivers/STM32L0xx_HAL_Driver/Src/stm32l0xx_hal_tim.o" --specs=nano.specs -mfloat-abi=soft -mthumb -o "Drivers/STM32L0xx_HAL_Driver/Src/stm32l0xx_hal_tim.o"
arm-none-eabi-gcc "../Drivers/STM32L0xx_HAL_Driver/Src/stm32l0xx_hal_tim_ex.c" -mcpu=cortex-m0plus -std=gnu11 -g3 -DDEBUG -DUSE_HAL_DRIVER -DSTM32L053xx -c -I../Core/Inc -I../Drivers/STM32L0xx_HAL_Driver/Inc -I../Drivers/STM32L0xx_HAL_Driver/Inc/Legacy -I../Drivers/CMSIS/Device/ST/STM32L0xx/Include -I../Drivers/CMSIS/Include -O0 -ffunction-sections -fdata-sections -Wall -fstack-usage -MMD -MP -MF"Drivers/STM32L0xx_HAL_Driver/Src/stm32l0xx_hal_tim_ex.d" -MT"Drivers/STM32L0xx_HAL_Driver/Src/stm32l0xx_hal_tim_ex.o" --specs=nano.specs -mfloat-abi=soft -mthumb -o "Drivers/STM32L0xx_HAL_Driver/Src/stm32l0xx_hal_tim_ex.o"
arm-none-eabi-gcc "../Drivers/STM32L0xx_HAL_Driver/Src/stm32l0xx_hal_usart.c" -mcpu=cortex-m0plus -std=gnu11 -g3 -DDEBUG -DUSE_HAL_DRIVER -DSTM32L053xx -c -I../Core/Inc -I../Drivers/STM32L0xx_HAL_Driver/Inc -I../Drivers/STM32L0xx_HAL_Driver/Inc/Legacy -I../Drivers/CMSIS/Device/ST/STM32L0xx/Include -I../Drivers/CMSIS/Include -O0 -ffunction-sections -fdata-sections -Wall -fstack-usage -MMD -MP -MF"Drivers/STM32L0xx_HAL_Driver/Src/stm32l0xx_hal_usart.d" -MT"Drivers/STM32L0xx_HAL_Driver/Src/stm32l0xx_hal_usart.o" --specs=nano.specs -mfloat-abi=soft -mthumb -o "Drivers/STM32L0xx_HAL_Driver/Src/stm32l0xx_hal_usart.o"
arm-none-eabi-gcc -mcpu=cortex-m0plus -g3 -c -x assembler-with-cpp -MMD -MP -MF"Core/Startup/startup_stm32l053r8tx.d" -MT"Core/Startup/startup_stm32l053r8tx.o" --specs=nano.specs -mfloat-abi=soft -mthumb -o "Core/Startup/startup_stm32l053r8tx.o" "../Core/Startup/startup_stm32l053r8tx.s"
arm-none-eabi-gcc "../Core/Src/main.c" -mcpu=cortex-m0plus -std=gnu11 -g3 -DDEBUG -DUSE_HAL_DRIVER -DSTM32L053xx -c -I../Core/Inc -I../Drivers/STM32L0xx_HAL_Driver/Inc -I../Drivers/STM32L0xx_HAL_Driver/Inc/Legacy -I../Drivers/CMSIS/Device/ST/STM32L0xx/Include -I../Drivers/CMSIS/Include -O0 -ffunction-sections -fdata-sections -Wall -fstack-usage -MMD -MP -MF"Core/Src/main.d" -MT"Core/Src/main.o" --specs=nano.specs -mfloat-abi=soft -mthumb -o "Core/Src/main.o"
arm-none-eabi-gcc "../Core/Src/stm32l0xx_hal_msp.c" -mcpu=cortex-m0plus -std=gnu11 -g3 -DDEBUG -DUSE_HAL_DRIVER -DSTM32L053xx -c -I../Core/Inc -I../Drivers/STM32L0xx_HAL_Driver/Inc -I../Drivers/STM32L0xx_HAL_Driver/Inc/Legacy -I../Drivers/CMSIS/Device/ST/STM32L0xx/Include -I../Drivers/CMSIS/Include -O0 -ffunction-sections -fdata-sections -Wall -fstack-usage -MMD -MP -MF"Core/Src/stm32l0xx_hal_msp.d" -MT"Core/Src/stm32l0xx_hal_msp.o" --specs=nano.specs -mfloat-abi=soft -mthumb -o "Core/Src/stm32l0xx_hal_msp.o"
arm-none-eabi-gcc "../Core/Src/stm32l0xx_it.c" -mcpu=cortex-m0plus -std=gnu11 -g3 -DDEBUG -DUSE_HAL_DRIVER -DSTM32L053xx -c -I../Core/Inc -I../Drivers/STM32L0xx_HAL_Driver/Inc -I../Drivers/STM32L0xx_HAL_Driver/Inc/Legacy -I../Drivers/CMSIS/Device/ST/STM32L0xx/Include -I../Drivers/CMSIS/Include -O0 -ffunction-sections -fdata-sections -Wall -fstack-usage -MMD -MP -MF"Core/Src/stm32l0xx_it.d" -MT"Core/Src/stm32l0xx_it.o" --specs=nano.specs -mfloat-abi=soft -mthumb -o "Core/Src/stm32l0xx_it.o"
arm-none-eabi-gcc "../Core/Src/syscalls.c" -mcpu=cortex-m0plus -std=gnu11 -g3 -DDEBUG -DUSE_HAL_DRIVER -DSTM32L053xx -c -I../Core/Inc -I../Drivers/STM32L0xx_HAL_Driver/Inc -I../Drivers/STM32L0xx_HAL_Driver/Inc/Legacy -I../Drivers/CMSIS/Device/ST/STM32L0xx/Include -I../Drivers/CMSIS/Include -O0 -ffunction-sections -fdata-sections -Wall -fstack-usage -MMD -MP -MF"Core/Src/syscalls.d" -MT"Core/Src/syscalls.o" --specs=nano.specs -mfloat-abi=soft -mthumb -o "Core/Src/syscalls.o"
arm-none-eabi-gcc "../Core/Src/sysmem.c" -mcpu=cortex-m0plus -std=gnu11 -g3 -DDEBUG -DUSE_HAL_DRIVER -DSTM32L053xx -c -I../Core/Inc -I../Drivers/STM32L0xx_HAL_Driver/Inc -I../Drivers/STM32L0xx_HAL_Driver/Inc/Legacy -I../Drivers/CMSIS/Device/ST/STM32L0xx/Include -I../Drivers/CMSIS/Include -O0 -ffunction-sections -fdata-sections -Wall -fstack-usage -MMD -MP -MF"Core/Src/sysmem.d" -MT"Core/Src/sysmem.o" --specs=nano.specs -mfloat-abi=soft -mthumb -o "Core/Src/sysmem.o"
In file included from ../Core/Src/main.c:19:
../Core/Inc/icm20602_iic.h:76:8: warning: "/*" within comment [-Wcomment]
   76 | #endif /* INC_ICM20602_IIC_H_ */
      |         
arm-none-eabi-gcc "../Core/Src/system_stm32l0xx.c" -mcpu=cortex-m0plus -std=gnu11 -g3 -DDEBUG -DUSE_HAL_DRIVER -DSTM32L053xx -c -I../Core/Inc -I../Drivers/STM32L0xx_HAL_Driver/Inc -I../Drivers/STM32L0xx_HAL_Driver/Inc/Legacy -I../Drivers/CMSIS/Device/ST/STM32L0xx/Include -I../Drivers/CMSIS/Include -O0 -ffunction-sections -fdata-sections -Wall -fstack-usage -MMD -MP -MF"Core/Src/system_stm32l0xx.d" -MT"Core/Src/system_stm32l0xx.o" --specs=nano.specs -mfloat-abi=soft -mthumb -o "Core/Src/system_stm32l0xx.o"
../Core/Src/main.c: In function 'main':
../Core/Src/main.c:145:36: warning: passing argument 2 of 'HAL_USART_Transmit' from incompatible pointer type [-Wincompatible-pointer-types]
  145 |       HAL_USART_Transmit(&husart2, &bef, 4, 100);
      |                                    ^~~~
      |                                    |
      |                                    char (*)[4]
In file included from ../Core/Inc/stm32l0xx_hal_conf.h:284,
                 from ../Drivers/STM32L0xx_HAL_Driver/Inc/stm32l0xx_hal.h:30,
                 from ../Core/Inc/main.h:31,
                 from ../Core/Src/main.c:29:
../Drivers/STM32L0xx_HAL_Driver/Inc/stm32l0xx_hal_usart.h:722:76: note: expected 'uint8_t *' {aka 'unsigned char *'} but argument is of type 'char (*)[4]'
  722 | HAL_StatusTypeDef HAL_USART_Transmit(USART_HandleTypeDef *husart, uint8_t *pTxData, uint16_t Size, uint32_t Timeout);
      |                                                                   ~~~~~~~~~^~~~~~~
../Core/Src/main.c:147:36: warning: passing argument 2 of 'HAL_USART_Transmit' from incompatible pointer type [-Wincompatible-pointer-types]
  147 |       HAL_USART_Transmit(&husart2, &aft, 4, 100);
      |                                    ^~~~
      |                                    |
      |                                    char (*)[4]
In file included from ../Core/Inc/stm32l0xx_hal_conf.h:284,
                 from ../Drivers/STM32L0xx_HAL_Driver/Inc/stm32l0xx_hal.h:30,
                 from ../Core/Inc/main.h:31,
                 from ../Core/Src/main.c:29:
../Drivers/STM32L0xx_HAL_Driver/Inc/stm32l0xx_hal_usart.h:722:76: note: expected 'uint8_t *' {aka 'unsigned char *'} but argument is of type 'char (*)[4]'
  722 | HAL_StatusTypeDef HAL_USART_Transmit(USART_HandleTypeDef *husart, uint8_t *pTxData, uint16_t Size, uint32_t Timeout);
      |                                                                   ~~~~~~~~~^~~~~~~
../Core/Src/main.c:122:11: warning: unused variable 'data2' [-Wunused-variable]
  122 |   uint8_t data2[2];
      |           ^~~~~
../Core/Src/main.c:121:11: warning: unused variable 'data' [-Wunused-variable]
  121 |   uint8_t data[2];
      |           ^~~~
arm-none-eabi-gcc -o "Ethan.elf" @"objects.list"   -mcpu=cortex-m0plus -T"C:\Users\glase\Purdue\ECE477\Rhythm\embedded\Ethan\STM32L053R8TX_FLASH.ld" --specs=nosys.specs -Wl,-Map="Ethan.map" -Wl,--gc-sections -static --specs=nano.specs -mfloat-abi=soft -mthumb -Wl,--start-group -lc -lm -Wl,--end-group
Finished building target: Ethan.elf
 
arm-none-eabi-size   Ethan.elf 
arm-none-eabi-objdump -h -S  Ethan.elf  > "Ethan.list"
arm-none-eabi-objcopy  -O binary  Ethan.elf  "Ethan.bin"
   text	   data	    bss	    dec	    hex	filename
  14952	    120	   1832	  16904	   4208	Ethan.elf
Finished building: default.size.stdout
 
Finished building: Ethan.bin
 
Finished building: Ethan.list
 
22:29:43 **** Incremental Build of configuration Debug for project Ethan ****
make -j8 all 
arm-none-eabi-size   Ethan.elf 
   text	   data	    bss	    dec	    hex	filename
  14952	    120	   1832	  16904	   4208	Ethan.elf
Finished building: default.size.stdout
 
22:31:17 **** Incremental Build of configuration Debug for project Ethan ****
make -j8 all 
arm-none-eabi-gcc "../Core/Src/main.c" -mcpu=cortex-m0plus -std=gnu11 -g3 -DDEBUG -DUSE_HAL_DRIVER -DSTM32L053xx -c -I../Core/Inc -I../Drivers/STM32L0xx_HAL_Driver/Inc -I../Drivers/STM32L0xx_HAL_Driver/Inc/Legacy -I../Drivers/CMSIS/Device/ST/STM32L0xx/Include -I../Drivers/CMSIS/Include -O0 -ffunction-sections -fdata-sections -Wall -fstack-usage -MMD -MP -MF"Core/Src/main.d" -MT"Core/Src/main.o" --specs=nano.specs -mfloat-abi=soft -mthumb -o "Core/Src/main.o"
In file included from ../Core/Src/main.c:19:
../Core/Inc/icm20602_iic.h:76:8: warning: "/*" within comment [-Wcomment]
   76 | #endif /* INC_ICM20602_IIC_H_ */
      |         
../Core/Src/main.c: In function 'main':
../Core/Src/main.c:145:36: warning: passing argument 2 of 'HAL_USART_Transmit' from incompatible pointer type [-Wincompatible-pointer-types]
  145 |       HAL_USART_Transmit(&husart2, &bef, 4, 100);
      |                                    ^~~~
      |                                    |
      |                                    char (*)[4]
In file included from ../Core/Inc/stm32l0xx_hal_conf.h:284,
                 from ../Drivers/STM32L0xx_HAL_Driver/Inc/stm32l0xx_hal.h:30,
                 from ../Core/Inc/main.h:31,
                 from ../Core/Src/main.c:29:
../Drivers/STM32L0xx_HAL_Driver/Inc/stm32l0xx_hal_usart.h:722:76: note: expected 'uint8_t *' {aka 'unsigned char *'} but argument is of type 'char (*)[4]'
  722 | HAL_StatusTypeDef HAL_USART_Transmit(USART_HandleTypeDef *husart, uint8_t *pTxData, uint16_t Size, uint32_t Timeout);
      |                                                                   ~~~~~~~~~^~~~~~~
../Core/Src/main.c:147:36: warning: passing argument 2 of 'HAL_USART_Transmit' from incompatible pointer type [-Wincompatible-pointer-types]
  147 |       HAL_USART_Transmit(&husart2, &aft, 4, 100);
      |                                    ^~~~
      |                                    |
      |                                    char (*)[4]
In file included from ../Core/Inc/stm32l0xx_hal_conf.h:284,
                 from ../Drivers/STM32L0xx_HAL_Driver/Inc/stm32l0xx_hal.h:30,
                 from ../Core/Inc/main.h:31,
                 from ../Core/Src/main.c:29:
../Drivers/STM32L0xx_HAL_Driver/Inc/stm32l0xx_hal_usart.h:722:76: note: expected 'uint8_t *' {aka 'unsigned char *'} but argument is of type 'char (*)[4]'
  722 | HAL_StatusTypeDef HAL_USART_Transmit(USART_HandleTypeDef *husart, uint8_t *pTxData, uint16_t Size, uint32_t Timeout);
      |                                                                   ~~~~~~~~~^~~~~~~
../Core/Src/main.c:122:11: warning: unused variable 'data2' [-Wunused-variable]
  122 |   uint8_t data2[2];
      |           ^~~~~
../Core/Src/main.c:121:11: warning: unused variable 'data' [-Wunused-variable]
  121 |   uint8_t data[2];
      |           ^~~~
arm-none-eabi-gcc -o "Ethan.elf" @"objects.list"   -mcpu=cortex-m0plus -T"C:\Users\glase\Purdue\ECE477\Rhythm\embedded\Ethan\STM32L053R8TX_FLASH.ld" --specs=nosys.specs -Wl,-Map="Ethan.map" -Wl,--gc-sections -static --specs=nano.specs -mfloat-abi=soft -mthumb -Wl,--start-group -lc -lm -Wl,--end-group
Finished building target: Ethan.elf
 
arm-none-eabi-objdump -h -S  Ethan.elf  > "Ethan.list"
arm-none-eabi-objcopy  -O binary  Ethan.elf  "Ethan.bin"
arm-none-eabi-size   Ethan.elf 
   text	   data	    bss	    dec	    hex	filename
  14952	    120	   1832	  16904	   4208	Ethan.elf
Finished building: default.size.stdout
 
Finished building: Ethan.bin
 
Finished building: Ethan.list
 
22:35:00 **** Incremental Build of configuration Debug for project Ethan ****
make -j8 all 
arm-none-eabi-size   Ethan.elf 
   text	   data	    bss	    dec	    hex	filename
  14952	    120	   1832	  16904	   4208	Ethan.elf
Finished building: default.size.stdout
 
22:40:29 **** Incremental Build of configuration Debug for project Ethan ****
make -j8 all 
arm-none-eabi-gcc "../Core/Src/main.c" -mcpu=cortex-m0plus -std=gnu11 -g3 -DDEBUG -DUSE_HAL_DRIVER -DSTM32L053xx -c -I../Core/Inc -I../Drivers/STM32L0xx_HAL_Driver/Inc -I../Drivers/STM32L0xx_HAL_Driver/Inc/Legacy -I../Drivers/CMSIS/Device/ST/STM32L0xx/Include -I../Drivers/CMSIS/Include -O0 -ffunction-sections -fdata-sections -Wall -fstack-usage -MMD -MP -MF"Core/Src/main.d" -MT"Core/Src/main.o" --specs=nano.specs -mfloat-abi=soft -mthumb -o "Core/Src/main.o"
In file included from ../Core/Src/main.c:19:
../Core/Inc/icm20602_iic.h:76:8: warning: "/*" within comment [-Wcomment]
   76 | #endif /* INC_ICM20602_IIC_H_ */
      |         
../Core/Src/main.c: In function 'main':
../Core/Src/main.c:150:36: warning: passing argument 2 of 'HAL_USART_Transmit' from incompatible pointer type [-Wincompatible-pointer-types]
  150 |       HAL_USART_Transmit(&husart2, &bef, 4, 100);
      |                                    ^~~~
      |                                    |
      |                                    char (*)[4]
In file included from ../Core/Inc/stm32l0xx_hal_conf.h:284,
                 from ../Drivers/STM32L0xx_HAL_Driver/Inc/stm32l0xx_hal.h:30,
                 from ../Core/Src/main.c:23:
../Drivers/STM32L0xx_HAL_Driver/Inc/stm32l0xx_hal_usart.h:722:76: note: expected 'uint8_t *' {aka 'unsigned char *'} but argument is of type 'char (*)[4]'
  722 | HAL_StatusTypeDef HAL_USART_Transmit(USART_HandleTypeDef *husart, uint8_t *pTxData, uint16_t Size, uint32_t Timeout);
      |                                                                   ~~~~~~~~~^~~~~~~
../Core/Src/main.c:152:36: warning: passing argument 2 of 'HAL_USART_Transmit' from incompatible pointer type [-Wincompatible-pointer-types]
  152 |       HAL_USART_Transmit(&husart2, &aft, 4, 100);
      |                                    ^~~~
      |                                    |
      |                                    char (*)[4]
In file included from ../Core/Inc/stm32l0xx_hal_conf.h:284,
                 from ../Drivers/STM32L0xx_HAL_Driver/Inc/stm32l0xx_hal.h:30,
                 from ../Core/Src/main.c:23:
../Drivers/STM32L0xx_HAL_Driver/Inc/stm32l0xx_hal_usart.h:722:76: note: expected 'uint8_t *' {aka 'unsigned char *'} but argument is of type 'char (*)[4]'
  722 | HAL_StatusTypeDef HAL_USART_Transmit(USART_HandleTypeDef *husart, uint8_t *pTxData, uint16_t Size, uint32_t Timeout);
      |                                                                   ~~~~~~~~~^~~~~~~
../Core/Src/main.c:212:21: warning: unknown conversion type character '\x0d' in format [-Wformat=]
  212 |               "%u \%\r\n",
      |                     ^~
../Core/Src/main.c:122:11: warning: unused variable 'data2' [-Wunused-variable]
  122 |   uint8_t data2[2];
      |           ^~~~~
arm-none-eabi-gcc -o "Ethan.elf" @"objects.list"   -mcpu=cortex-m0plus -T"C:\Users\glase\Purdue\ECE477\Rhythm\embedded\Ethan\STM32L053R8TX_FLASH.ld" --specs=nosys.specs -Wl,-Map="Ethan.map" -Wl,--gc-sections -static --specs=nano.specs -mfloat-abi=soft -mthumb -Wl,--start-group -lc -lm -Wl,--end-group
Finished building target: Ethan.elf
 
arm-none-eabi-objdump -h -S  Ethan.elf  > "Ethan.list"
arm-none-eabi-objcopy  -O binary  Ethan.elf  "Ethan.bin"
arm-none-eabi-size   Ethan.elf 
   text	   data	    bss	    dec	    hex	filename
  14956	    120	   1832	  16908	   420c	Ethan.elf
Finished building: default.size.stdout
 
Finished building: Ethan.bin
 
Finished building: Ethan.list
 
22:45:16 **** Incremental Build of configuration Debug for project Ethan ****
make -j8 all 
arm-none-eabi-gcc "../Core/Src/main.c" -mcpu=cortex-m0plus -std=gnu11 -g3 -DDEBUG -DUSE_HAL_DRIVER -DSTM32L053xx -c -I../Core/Inc -I../Drivers/STM32L0xx_HAL_Driver/Inc -I../Drivers/STM32L0xx_HAL_Driver/Inc/Legacy -I../Drivers/CMSIS/Device/ST/STM32L0xx/Include -I../Drivers/CMSIS/Include -O0 -ffunction-sections -fdata-sections -Wall -fstack-usage -MMD -MP -MF"Core/Src/main.d" -MT"Core/Src/main.o" --specs=nano.specs -mfloat-abi=soft -mthumb -o "Core/Src/main.o"
In file included from ../Core/Src/main.c:19:
../Core/Inc/icm20602_iic.h:76:8: warning: "/*" within comment [-Wcomment]
   76 | #endif /* INC_ICM20602_IIC_H_ */
      |         
../Core/Src/main.c: In function 'main':
../Core/Src/main.c:145:36: warning: passing argument 2 of 'HAL_USART_Transmit' from incompatible pointer type [-Wincompatible-pointer-types]
  145 |       HAL_USART_Transmit(&husart2, &bef, 4, 100);
      |                                    ^~~~
      |                                    |
      |                                    char (*)[4]
In file included from ../Core/Inc/stm32l0xx_hal_conf.h:284,
                 from ../Drivers/STM32L0xx_HAL_Driver/Inc/stm32l0xx_hal.h:30,
                 from ../Core/Inc/main.h:31,
                 from ../Core/Src/main.c:29:
../Drivers/STM32L0xx_HAL_Driver/Inc/stm32l0xx_hal_usart.h:722:76: note: expected 'uint8_t *' {aka 'unsigned char *'} but argument is of type 'char (*)[4]'
  722 | HAL_StatusTypeDef HAL_USART_Transmit(USART_HandleTypeDef *husart, uint8_t *pTxData, uint16_t Size, uint32_t Timeout);
      |                                                                   ~~~~~~~~~^~~~~~~
../Core/Src/main.c:147:36: warning: passing argument 2 of 'HAL_USART_Transmit' from incompatible pointer type [-Wincompatible-pointer-types]
  147 |       HAL_USART_Transmit(&husart2, &aft, 4, 100);
      |                                    ^~~~
      |                                    |
      |                                    char (*)[4]
In file included from ../Core/Inc/stm32l0xx_hal_conf.h:284,
                 from ../Drivers/STM32L0xx_HAL_Driver/Inc/stm32l0xx_hal.h:30,
                 from ../Core/Inc/main.h:31,
                 from ../Core/Src/main.c:29:
../Drivers/STM32L0xx_HAL_Driver/Inc/stm32l0xx_hal_usart.h:722:76: note: expected 'uint8_t *' {aka 'unsigned char *'} but argument is of type 'char (*)[4]'
  722 | HAL_StatusTypeDef HAL_USART_Transmit(USART_HandleTypeDef *husart, uint8_t *pTxData, uint16_t Size, uint32_t Timeout);
      |                                                                   ~~~~~~~~~^~~~~~~
../Core/Src/main.c:151:27: error: 'stuff' undeclared (first use in this function)
  151 |      if (ret == HAL_OK && stuff/1000 > 60) {
      |                           ^~~~~
../Core/Src/main.c:151:27: note: each undeclared identifier is reported only once for each function it appears in
../Core/Src/main.c:122:11: warning: unused variable 'data2' [-Wunused-variable]
  122 |   uint8_t data2[2];
      |           ^~~~~
../Core/Src/main.c:121:11: warning: unused variable 'data' [-Wunused-variable]
  121 |   uint8_t data[2];
      |           ^~~~
make: *** [Core/Src/subdir.mk:34: Core/Src/main.o] Error 1
"make -j8 all" terminated with exit code 2. Build might be incomplete.
22:46:19 **** Incremental Build of configuration Debug for project Ethan ****
make -j8 all 
arm-none-eabi-gcc "../Core/Src/main.c" -mcpu=cortex-m0plus -std=gnu11 -g3 -DDEBUG -DUSE_HAL_DRIVER -DSTM32L053xx -c -I../Core/Inc -I../Drivers/STM32L0xx_HAL_Driver/Inc -I../Drivers/STM32L0xx_HAL_Driver/Inc/Legacy -I../Drivers/CMSIS/Device/ST/STM32L0xx/Include -I../Drivers/CMSIS/Include -O0 -ffunction-sections -fdata-sections -Wall -fstack-usage -MMD -MP -MF"Core/Src/main.d" -MT"Core/Src/main.o" --specs=nano.specs -mfloat-abi=soft -mthumb -o "Core/Src/main.o"
In file included from ../Core/Src/main.c:19:
../Core/Inc/icm20602_iic.h:76:8: warning: "/*" within comment [-Wcomment]
   76 | #endif /* INC_ICM20602_IIC_H_ */
      |         
../Core/Src/main.c: In function 'main':
../Core/Src/main.c:146:36: warning: passing argument 2 of 'HAL_USART_Transmit' from incompatible pointer type [-Wincompatible-pointer-types]
  146 |       HAL_USART_Transmit(&husart2, &bef, 4, 100);
      |                                    ^~~~
      |                                    |
      |                                    char (*)[4]
In file included from ../Core/Inc/stm32l0xx_hal_conf.h:284,
                 from ../Drivers/STM32L0xx_HAL_Driver/Inc/stm32l0xx_hal.h:30,
                 from ../Core/Inc/main.h:31,
                 from ../Core/Src/main.c:29:
../Drivers/STM32L0xx_HAL_Driver/Inc/stm32l0xx_hal_usart.h:722:76: note: expected 'uint8_t *' {aka 'unsigned char *'} but argument is of type 'char (*)[4]'
  722 | HAL_StatusTypeDef HAL_USART_Transmit(USART_HandleTypeDef *husart, uint8_t *pTxData, uint16_t Size, uint32_t Timeout);
      |                                                                   ~~~~~~~~~^~~~~~~
../Core/Src/main.c:148:36: warning: passing argument 2 of 'HAL_USART_Transmit' from incompatible pointer type [-Wincompatible-pointer-types]
  148 |       HAL_USART_Transmit(&husart2, &aft, 4, 100);
      |                                    ^~~~
      |                                    |
      |                                    char (*)[4]
In file included from ../Core/Inc/stm32l0xx_hal_conf.h:284,
                 from ../Drivers/STM32L0xx_HAL_Driver/Inc/stm32l0xx_hal.h:30,
                 from ../Core/Inc/main.h:31,
                 from ../Core/Src/main.c:29:
../Drivers/STM32L0xx_HAL_Driver/Inc/stm32l0xx_hal_usart.h:722:76: note: expected 'uint8_t *' {aka 'unsigned char *'} but argument is of type 'char (*)[4]'
  722 | HAL_StatusTypeDef HAL_USART_Transmit(USART_HandleTypeDef *husart, uint8_t *pTxData, uint16_t Size, uint32_t Timeout);
      |                                                                   ~~~~~~~~~^~~~~~~
../Core/Src/main.c:122:11: warning: unused variable 'data2' [-Wunused-variable]
  122 |   uint8_t data2[2];
      |           ^~~~~
../Core/Src/main.c:121:11: warning: unused variable 'data' [-Wunused-variable]
  121 |   uint8_t data[2];
      |           ^~~~
arm-none-eabi-gcc -o "Ethan.elf" @"objects.list"   -mcpu=cortex-m0plus -T"C:\Users\glase\Purdue\ECE477\Rhythm\embedded\Ethan\STM32L053R8TX_FLASH.ld" --specs=nosys.specs -Wl,-Map="Ethan.map" -Wl,--gc-sections -static --specs=nano.specs -mfloat-abi=soft -mthumb -Wl,--start-group -lc -lm -Wl,--end-group
Finished building target: Ethan.elf
 
arm-none-eabi-objdump -h -S  Ethan.elf  > "Ethan.list"
arm-none-eabi-objcopy  -O binary  Ethan.elf  "Ethan.bin"
arm-none-eabi-size   Ethan.elf 
   text	   data	    bss	    dec	    hex	filename
  14968	    120	   1832	  16920	   4218	Ethan.elf
Finished building: default.size.stdout
 
Finished building: Ethan.bin
 
Finished building: Ethan.list
 
22:46:46 **** Incremental Build of configuration Debug for project Ethan ****
make -j8 all 
arm-none-eabi-gcc "../Core/Src/main.c" -mcpu=cortex-m0plus -std=gnu11 -g3 -DDEBUG -DUSE_HAL_DRIVER -DSTM32L053xx -c -I../Core/Inc -I../Drivers/STM32L0xx_HAL_Driver/Inc -I../Drivers/STM32L0xx_HAL_Driver/Inc/Legacy -I../Drivers/CMSIS/Device/ST/STM32L0xx/Include -I../Drivers/CMSIS/Include -O0 -ffunction-sections -fdata-sections -Wall -fstack-usage -MMD -MP -MF"Core/Src/main.d" -MT"Core/Src/main.o" --specs=nano.specs -mfloat-abi=soft -mthumb -o "Core/Src/main.o"
In file included from ../Core/Src/main.c:19:
../Core/Inc/icm20602_iic.h:76:8: warning: "/*" within comment [-Wcomment]
   76 | #endif /* INC_ICM20602_IIC_H_ */
      |         
../Core/Src/main.c: In function 'main':
../Core/Src/main.c:146:36: warning: passing argument 2 of 'HAL_USART_Transmit' from incompatible pointer type [-Wincompatible-pointer-types]
  146 |       HAL_USART_Transmit(&husart2, &bef, 4, 100);
      |                                    ^~~~
      |                                    |
      |                                    char (*)[4]
In file included from ../Core/Inc/stm32l0xx_hal_conf.h:284,
                 from ../Drivers/STM32L0xx_HAL_Driver/Inc/stm32l0xx_hal.h:30,
                 from ../Core/Inc/main.h:31,
                 from ../Core/Src/main.c:29:
../Drivers/STM32L0xx_HAL_Driver/Inc/stm32l0xx_hal_usart.h:722:76: note: expected 'uint8_t *' {aka 'unsigned char *'} but argument is of type 'char (*)[4]'
  722 | HAL_StatusTypeDef HAL_USART_Transmit(USART_HandleTypeDef *husart, uint8_t *pTxData, uint16_t Size, uint32_t Timeout);
      |                                                                   ~~~~~~~~~^~~~~~~
../Core/Src/main.c:148:36: warning: passing argument 2 of 'HAL_USART_Transmit' from incompatible pointer type [-Wincompatible-pointer-types]
  148 |       HAL_USART_Transmit(&husart2, &aft, 4, 100);
      |                                    ^~~~
      |                                    |
      |                                    char (*)[4]
In file included from ../Core/Inc/stm32l0xx_hal_conf.h:284,
                 from ../Drivers/STM32L0xx_HAL_Driver/Inc/stm32l0xx_hal.h:30,
                 from ../Core/Inc/main.h:31,
                 from ../Core/Src/main.c:29:
../Drivers/STM32L0xx_HAL_Driver/Inc/stm32l0xx_hal_usart.h:722:76: note: expected 'uint8_t *' {aka 'unsigned char *'} but argument is of type 'char (*)[4]'
  722 | HAL_StatusTypeDef HAL_USART_Transmit(USART_HandleTypeDef *husart, uint8_t *pTxData, uint16_t Size, uint32_t Timeout);
      |                                                                   ~~~~~~~~~^~~~~~~
../Core/Src/main.c:122:11: warning: unused variable 'data2' [-Wunused-variable]
  122 |   uint8_t data2[2];
      |           ^~~~~
../Core/Src/main.c:121:11: warning: unused variable 'data' [-Wunused-variable]
  121 |   uint8_t data[2];
      |           ^~~~
arm-none-eabi-gcc -o "Ethan.elf" @"objects.list"   -mcpu=cortex-m0plus -T"C:\Users\glase\Purdue\ECE477\Rhythm\embedded\Ethan\STM32L053R8TX_FLASH.ld" --specs=nosys.specs -Wl,-Map="Ethan.map" -Wl,--gc-sections -static --specs=nano.specs -mfloat-abi=soft -mthumb -Wl,--start-group -lc -lm -Wl,--end-group
Finished building target: Ethan.elf
 
arm-none-eabi-objdump -h -S  Ethan.elf  > "Ethan.list"
arm-none-eabi-objcopy  -O binary  Ethan.elf  "Ethan.bin"
arm-none-eabi-size   Ethan.elf 
   text	   data	    bss	    dec	    hex	filename
  14968	    120	   1832	  16920	   4218	Ethan.elf
Finished building: default.size.stdout
 
Finished building: Ethan.bin
 
Finished building: Ethan.list
 
23:00:10 **** Incremental Build of configuration Debug for project Ethan ****
make -j8 all 
arm-none-eabi-size   Ethan.elf 
   text	   data	    bss	    dec	    hex	filename
  14968	    120	   1832	  16920	   4218	Ethan.elf
Finished building: default.size.stdout
 
23:11:58 **** Incremental Build of configuration Debug for project Ethan ****
make -j8 all 
arm-none-eabi-gcc "../Core/Src/main.c" -mcpu=cortex-m0plus -std=gnu11 -g3 -DDEBUG -DUSE_HAL_DRIVER -DSTM32L053xx -c -I../Core/Inc -I../Drivers/STM32L0xx_HAL_Driver/Inc -I../Drivers/STM32L0xx_HAL_Driver/Inc/Legacy -I../Drivers/CMSIS/Device/ST/STM32L0xx/Include -I../Drivers/CMSIS/Include -O0 -ffunction-sections -fdata-sections -Wall -fstack-usage -MMD -MP -MF"Core/Src/main.d" -MT"Core/Src/main.o" --specs=nano.specs -mfloat-abi=soft -mthumb -o "Core/Src/main.o"
In file included from ../Core/Src/main.c:19:
../Core/Inc/icm20602_iic.h:76:8: warning: "/*" within comment [-Wcomment]
   76 | #endif /* INC_ICM20602_IIC_H_ */
      |         
../Core/Src/main.c: In function 'main':
../Core/Src/main.c:146:36: warning: passing argument 2 of 'HAL_USART_Transmit' from incompatible pointer type [-Wincompatible-pointer-types]
  146 |       HAL_USART_Transmit(&husart1, &bef, 4, 100);
      |                                    ^~~~
      |                                    |
      |                                    char (*)[4]
In file included from ../Core/Inc/stm32l0xx_hal_conf.h:284,
                 from ../Drivers/STM32L0xx_HAL_Driver/Inc/stm32l0xx_hal.h:30,
                 from ../Core/Inc/main.h:31,
                 from ../Core/Src/main.c:29:
../Drivers/STM32L0xx_HAL_Driver/Inc/stm32l0xx_hal_usart.h:722:76: note: expected 'uint8_t *' {aka 'unsigned char *'} but argument is of type 'char (*)[4]'
  722 | HAL_StatusTypeDef HAL_USART_Transmit(USART_HandleTypeDef *husart, uint8_t *pTxData, uint16_t Size, uint32_t Timeout);
      |                                                                   ~~~~~~~~~^~~~~~~
../Core/Src/main.c:148:36: warning: passing argument 2 of 'HAL_USART_Transmit' from incompatible pointer type [-Wincompatible-pointer-types]
  148 |       HAL_USART_Transmit(&husart1, &aft, 4, 100);
      |                                    ^~~~
      |                                    |
      |                                    char (*)[4]
In file included from ../Core/Inc/stm32l0xx_hal_conf.h:284,
                 from ../Drivers/STM32L0xx_HAL_Driver/Inc/stm32l0xx_hal.h:30,
                 from ../Core/Inc/main.h:31,
                 from ../Core/Src/main.c:29:
../Drivers/STM32L0xx_HAL_Driver/Inc/stm32l0xx_hal_usart.h:722:76: note: expected 'uint8_t *' {aka 'unsigned char *'} but argument is of type 'char (*)[4]'
  722 | HAL_StatusTypeDef HAL_USART_Transmit(USART_HandleTypeDef *husart, uint8_t *pTxData, uint16_t Size, uint32_t Timeout);
      |                                                                   ~~~~~~~~~^~~~~~~
../Core/Src/main.c:122:11: warning: unused variable 'data2' [-Wunused-variable]
  122 |   uint8_t data2[2];
      |           ^~~~~
../Core/Src/main.c:121:11: warning: unused variable 'data' [-Wunused-variable]
  121 |   uint8_t data[2];
      |           ^~~~
arm-none-eabi-gcc -o "Ethan.elf" @"objects.list"   -mcpu=cortex-m0plus -T"C:\Users\glase\Purdue\ECE477\Rhythm\embedded\Ethan\STM32L053R8TX_FLASH.ld" --specs=nosys.specs -Wl,-Map="Ethan.map" -Wl,--gc-sections -static --specs=nano.specs -mfloat-abi=soft -mthumb -Wl,--start-group -lc -lm -Wl,--end-group
Finished building target: Ethan.elf
 
arm-none-eabi-objdump -h -S  Ethan.elf  > "Ethan.list"
arm-none-eabi-objcopy  -O binary  Ethan.elf  "Ethan.bin"
arm-none-eabi-size   Ethan.elf 
   text	   data	    bss	    dec	    hex	filename
  14968	    120	   1832	  16920	   4218	Ethan.elf
Finished building: default.size.stdout
 
Finished building: Ethan.bin
 
Finished building: Ethan.list
 
23:15:56 **** Incremental Build of configuration Debug for project Ethan ****
make -j8 all 
arm-none-eabi-gcc "../Core/Src/main.c" -mcpu=cortex-m0plus -std=gnu11 -g3 -DDEBUG -DUSE_HAL_DRIVER -DSTM32L053xx -c -I../Core/Inc -I../Drivers/STM32L0xx_HAL_Driver/Inc -I../Drivers/STM32L0xx_HAL_Driver/Inc/Legacy -I../Drivers/CMSIS/Device/ST/STM32L0xx/Include -I../Drivers/CMSIS/Include -O0 -ffunction-sections -fdata-sections -Wall -fstack-usage -MMD -MP -MF"Core/Src/main.d" -MT"Core/Src/main.o" --specs=nano.specs -mfloat-abi=soft -mthumb -o "Core/Src/main.o"
In file included from ../Core/Src/main.c:19:
../Core/Inc/icm20602_iic.h:76:8: warning: "/*" within comment [-Wcomment]
   76 | #endif /* INC_ICM20602_IIC_H_ */
      |         
../Core/Src/main.c: In function 'main':
../Core/Src/main.c:139:33: error: 'stuff' undeclared (first use in this function)
  139 |          sprintf(integer, "%d", stuff / 1000);
      |                                 ^~~~~
../Core/Src/main.c:139:33: note: each undeclared identifier is reported only once for each function it appears in
../Core/Src/main.c:142:36: warning: passing argument 2 of 'HAL_USART_Transmit' from incompatible pointer type [-Wincompatible-pointer-types]
  142 |       HAL_USART_Transmit(&husart1, &integer, 4, 100);
      |                                    ^~~~~~~~
      |                                    |
      |                                    char (*)[4]
In file included from ../Core/Inc/stm32l0xx_hal_conf.h:284,
                 from ../Drivers/STM32L0xx_HAL_Driver/Inc/stm32l0xx_hal.h:30,
                 from ../Core/Inc/main.h:31,
                 from ../Core/Src/main.c:29:
../Drivers/STM32L0xx_HAL_Driver/Inc/stm32l0xx_hal_usart.h:722:76: note: expected 'uint8_t *' {aka 'unsigned char *'} but argument is of type 'char (*)[4]'
  722 | HAL_StatusTypeDef HAL_USART_Transmit(USART_HandleTypeDef *husart, uint8_t *pTxData, uint16_t Size, uint32_t Timeout);
      |                                                                   ~~~~~~~~~^~~~~~~
../Core/Src/main.c:144:36: warning: passing argument 2 of 'HAL_USART_Transmit' from incompatible pointer type [-Wincompatible-pointer-types]
  144 |       HAL_USART_Transmit(&husart1, &decimal, 4, 100);
      |                                    ^~~~~~~~
      |                                    |
      |                                    char (*)[4]
In file included from ../Core/Inc/stm32l0xx_hal_conf.h:284,
                 from ../Drivers/STM32L0xx_HAL_Driver/Inc/stm32l0xx_hal.h:30,
                 from ../Core/Inc/main.h:31,
                 from ../Core/Src/main.c:29:
../Drivers/STM32L0xx_HAL_Driver/Inc/stm32l0xx_hal_usart.h:722:76: note: expected 'uint8_t *' {aka 'unsigned char *'} but argument is of type 'char (*)[4]'
  722 | HAL_StatusTypeDef HAL_USART_Transmit(USART_HandleTypeDef *husart, uint8_t *pTxData, uint16_t Size, uint32_t Timeout);
      |                                                                   ~~~~~~~~~^~~~~~~
../Core/Src/main.c:123:7: warning: variable 'bigbattery' set but not used [-Wunused-but-set-variable]
  123 |   int bigbattery = 0;
      |       ^~~~~~~~~~
make: *** [Core/Src/subdir.mk:34: Core/Src/main.o] Error 1
"make -j8 all" terminated with exit code 2. Build might be incomplete.
23:16:09 **** Incremental Build of configuration Debug for project Ethan ****
make -j8 all 
arm-none-eabi-gcc "../Core/Src/main.c" -mcpu=cortex-m0plus -std=gnu11 -g3 -DDEBUG -DUSE_HAL_DRIVER -DSTM32L053xx -c -I../Core/Inc -I../Drivers/STM32L0xx_HAL_Driver/Inc -I../Drivers/STM32L0xx_HAL_Driver/Inc/Legacy -I../Drivers/CMSIS/Device/ST/STM32L0xx/Include -I../Drivers/CMSIS/Include -O0 -ffunction-sections -fdata-sections -Wall -fstack-usage -MMD -MP -MF"Core/Src/main.d" -MT"Core/Src/main.o" --specs=nano.specs -mfloat-abi=soft -mthumb -o "Core/Src/main.o"
In file included from ../Core/Src/main.c:19:
../Core/Inc/icm20602_iic.h:76:8: warning: "/*" within comment [-Wcomment]
   76 | #endif /* INC_ICM20602_IIC_H_ */
      |         
../Core/Src/main.c: In function 'main':
../Core/Src/main.c:142:36: warning: passing argument 2 of 'HAL_USART_Transmit' from incompatible pointer type [-Wincompatible-pointer-types]
  142 |       HAL_USART_Transmit(&husart1, &integer, 4, 100);
      |                                    ^~~~~~~~
      |                                    |
      |                                    char (*)[4]
In file included from ../Core/Inc/stm32l0xx_hal_conf.h:284,
                 from ../Drivers/STM32L0xx_HAL_Driver/Inc/stm32l0xx_hal.h:30,
                 from ../Core/Inc/main.h:31,
                 from ../Core/Src/main.c:29:
../Drivers/STM32L0xx_HAL_Driver/Inc/stm32l0xx_hal_usart.h:722:76: note: expected 'uint8_t *' {aka 'unsigned char *'} but argument is of type 'char (*)[4]'
  722 | HAL_StatusTypeDef HAL_USART_Transmit(USART_HandleTypeDef *husart, uint8_t *pTxData, uint16_t Size, uint32_t Timeout);
      |                                                                   ~~~~~~~~~^~~~~~~
../Core/Src/main.c:144:36: warning: passing argument 2 of 'HAL_USART_Transmit' from incompatible pointer type [-Wincompatible-pointer-types]
  144 |       HAL_USART_Transmit(&husart1, &decimal, 4, 100);
      |                                    ^~~~~~~~
      |                                    |
      |                                    char (*)[4]
In file included from ../Core/Inc/stm32l0xx_hal_conf.h:284,
                 from ../Drivers/STM32L0xx_HAL_Driver/Inc/stm32l0xx_hal.h:30,
                 from ../Core/Inc/main.h:31,
                 from ../Core/Src/main.c:29:
../Drivers/STM32L0xx_HAL_Driver/Inc/stm32l0xx_hal_usart.h:722:76: note: expected 'uint8_t *' {aka 'unsigned char *'} but argument is of type 'char (*)[4]'
  722 | HAL_StatusTypeDef HAL_USART_Transmit(USART_HandleTypeDef *husart, uint8_t *pTxData, uint16_t Size, uint32_t Timeout);
      |                                                                   ~~~~~~~~~^~~~~~~
arm-none-eabi-gcc -o "Ethan.elf" @"objects.list"   -mcpu=cortex-m0plus -T"C:\Users\glase\Purdue\ECE477\Rhythm\embedded\Ethan\STM32L053R8TX_FLASH.ld" --specs=nosys.specs -Wl,-Map="Ethan.map" -Wl,--gc-sections -static --specs=nano.specs -mfloat-abi=soft -mthumb -Wl,--start-group -lc -lm -Wl,--end-group
Finished building target: Ethan.elf
 
arm-none-eabi-objdump -h -S  Ethan.elf  > "Ethan.list"
arm-none-eabi-objcopy  -O binary  Ethan.elf  "Ethan.bin"
arm-none-eabi-size   Ethan.elf 
   text	   data	    bss	    dec	    hex	filename
  14956	    120	   1832	  16908	   420c	Ethan.elf
Finished building: default.size.stdout
 
Finished building: Ethan.bin
 
Finished building: Ethan.list
 
