ICM20602.c:31:6:ICM20602_GPIO_SPI_Initialization	32	static
ICM20602.c:110:15:SPI1_SendByte	32	static
ICM20602.c:130:9:ICM20602_Readbyte	32	static
ICM20602.c:142:6:ICM20602_Readbytes	32	static
ICM20602.c:155:6:ICM20602_Writebyte	16	static
ICM20602.c:163:6:ICM20602_Writebytes	24	static
ICM20602.c:176:5:ICM20602_Initialization	32	static
ICM20602.c:257:6:ICM20602_Get6AxisRawData	40	static
ICM20602.c:271:6:ICM20602_Get3AxisGyroRawData	32	static
ICM20602.c:281:6:ICM20602_Get3AxisAccRawData	32	static
ICM20602.c:291:5:ICM20602_DataReady	8	static
