ICM20602.c:110:15:SPI1_SendByte	32	static
ICM20602.c:123:9:ICM20602_Readbyte	32	static
ICM20602.c:133:6:ICM20602_Readbytes	32	static
ICM20602.c:144:6:ICM20602_Writebyte	16	static
ICM20602.c:150:6:ICM20602_Writebytes	24	static
ICM20602.c:167:6:MX_SPI1_Init	16	static
ICM20602.c:199:5:ICM20602_Initialization	32	static
ICM20602.c:282:6:ICM20602_Get6AxisRawData	40	static
ICM20602.c:296:6:ICM20602_Get3AxisGyroRawData	32	static
ICM20602.c:306:6:ICM20602_Get3AxisAccRawData	32	static
ICM20602.c:316:5:ICM20602_DataReady	8	static
